../BSP(Board Support Package)/ds1307.c:31:9:ds1307_init	16	static
../BSP(Board Support Package)/ds1307.c:54:6:ds1307_set_current_time	24	static
../BSP(Board Support Package)/ds1307.c:76:6:ds1307_set_current_date	16	static
../BSP(Board Support Package)/ds1307.c:88:6:ds1307_get_current_time	24	static
../BSP(Board Support Package)/ds1307.c:113:6:ds1307_get_current_date	16	static
../BSP(Board Support Package)/ds1307.c:122:13:ds1307_GPIOInit	40	static
../BSP(Board Support Package)/ds1307.c:147:13:ds1307_I2CInit	8	static
../BSP(Board Support Package)/ds1307.c:156:13:ds1307_i2c_write	32	static
../BSP(Board Support Package)/ds1307.c:166:16:ds1307_i2c_read	32	static
../BSP(Board Support Package)/ds1307.c:180:16:bin2bcd	24	static
../BSP(Board Support Package)/ds1307.c:192:16:bcd2bin	24	static
