../Src/007SPI_Rx_message_from_Ardiuno_InterruptMode.c:51:6:gpioConfig	40	static
../Src/007SPI_Rx_message_from_Ardiuno_InterruptMode.c:97:6:spiConfig	8	static
../Src/007SPI_Rx_message_from_Ardiuno_InterruptMode.c:114:6:delay	16	static
../Src/007SPI_Rx_message_from_Ardiuno_InterruptMode.c:123:6:GPIO_InterruptPinInit	24	static
../Src/007SPI_Rx_message_from_Ardiuno_InterruptMode.c:145:5:main	16	static
../Src/007SPI_Rx_message_from_Ardiuno_InterruptMode.c:210:6:SPI1_IRQHandler	8	static
../Src/007SPI_Rx_message_from_Ardiuno_InterruptMode.c:217:6:SPI_ApplicationEventCallback	16	static
../Src/007SPI_Rx_message_from_Ardiuno_InterruptMode.c:236:6:EXTI0_IRQHandler	8	static
