../Src/009I2C_Slave_Tx_InterruptMode_Test.c:34:6:gpioConfig	56	static
../Src/009I2C_Slave_Tx_InterruptMode_Test.c:77:6:i2cConfig	8	static
../Src/009I2C_Slave_Tx_InterruptMode_Test.c:93:6:delay	16	static
../Src/009I2C_Slave_Tx_InterruptMode_Test.c:100:5:main	8	static
../Src/009I2C_Slave_Tx_InterruptMode_Test.c:130:6:I2C1_EV_IRQHandler	8	static
../Src/009I2C_Slave_Tx_InterruptMode_Test.c:136:6:I2C1_ER_IRQHandler	8	static
../Src/009I2C_Slave_Tx_InterruptMode_Test.c:142:6:I2C_ApplicationEventCallback	24	static
