Archive member included to satisfy reference by file (symbol)

c:/st/stm32cubeide_1.10.1/stm32cubeide/plugins/com.st.stm32cube.ide.mcu.externaltools.gnu-tools-for-stm32.10.3-2021.10.win32_1.0.200.202301161003/tools/bin/../lib/gcc/arm-none-eabi/10.3.1/../../../../arm-none-eabi/lib/thumb/v7-m/nofp\libc_nano.a(lib_a-errno.o)
                              ./Src/syscalls.o (__errno)
c:/st/stm32cubeide_1.10.1/stm32cubeide/plugins/com.st.stm32cube.ide.mcu.externaltools.gnu-tools-for-stm32.10.3-2021.10.win32_1.0.200.202301161003/tools/bin/../lib/gcc/arm-none-eabi/10.3.1/../../../../arm-none-eabi/lib/thumb/v7-m/nofp\libc_nano.a(lib_a-exit.o)
                              c:/st/stm32cubeide_1.10.1/stm32cubeide/plugins/com.st.stm32cube.ide.mcu.externaltools.gnu-tools-for-stm32.10.3-2021.10.win32_1.0.200.202301161003/tools/bin/../lib/gcc/arm-none-eabi/10.3.1/../../../../arm-none-eabi/lib/thumb/v7-m/nofp/crt0.o (exit)
c:/st/stm32cubeide_1.10.1/stm32cubeide/plugins/com.st.stm32cube.ide.mcu.externaltools.gnu-tools-for-stm32.10.3-2021.10.win32_1.0.200.202301161003/tools/bin/../lib/gcc/arm-none-eabi/10.3.1/../../../../arm-none-eabi/lib/thumb/v7-m/nofp\libc_nano.a(lib_a-impure.o)
                              c:/st/stm32cubeide_1.10.1/stm32cubeide/plugins/com.st.stm32cube.ide.mcu.externaltools.gnu-tools-for-stm32.10.3-2021.10.win32_1.0.200.202301161003/tools/bin/../lib/gcc/arm-none-eabi/10.3.1/../../../../arm-none-eabi/lib/thumb/v7-m/nofp\libc_nano.a(lib_a-exit.o) (_global_impure_ptr)
c:/st/stm32cubeide_1.10.1/stm32cubeide/plugins/com.st.stm32cube.ide.mcu.externaltools.gnu-tools-for-stm32.10.3-2021.10.win32_1.0.200.202301161003/tools/bin/../lib/gcc/arm-none-eabi/10.3.1/../../../../arm-none-eabi/lib/thumb/v7-m/nofp\libc_nano.a(lib_a-init.o)
                              c:/st/stm32cubeide_1.10.1/stm32cubeide/plugins/com.st.stm32cube.ide.mcu.externaltools.gnu-tools-for-stm32.10.3-2021.10.win32_1.0.200.202301161003/tools/bin/../lib/gcc/arm-none-eabi/10.3.1/../../../../arm-none-eabi/lib/thumb/v7-m/nofp/crt0.o (__libc_init_array)
c:/st/stm32cubeide_1.10.1/stm32cubeide/plugins/com.st.stm32cube.ide.mcu.externaltools.gnu-tools-for-stm32.10.3-2021.10.win32_1.0.200.202301161003/tools/bin/../lib/gcc/arm-none-eabi/10.3.1/../../../../arm-none-eabi/lib/thumb/v7-m/nofp\libc_nano.a(lib_a-memset.o)
                              c:/st/stm32cubeide_1.10.1/stm32cubeide/plugins/com.st.stm32cube.ide.mcu.externaltools.gnu-tools-for-stm32.10.3-2021.10.win32_1.0.200.202301161003/tools/bin/../lib/gcc/arm-none-eabi/10.3.1/../../../../arm-none-eabi/lib/thumb/v7-m/nofp/crt0.o (memset)
c:/st/stm32cubeide_1.10.1/stm32cubeide/plugins/com.st.stm32cube.ide.mcu.externaltools.gnu-tools-for-stm32.10.3-2021.10.win32_1.0.200.202301161003/tools/bin/../lib/gcc/arm-none-eabi/10.3.1/../../../../arm-none-eabi/lib/thumb/v7-m/nofp\libc_nano.a(lib_a-strlen.o)
                              ./Src/010USART_TX.o (strlen)

Discarded input sections

 .text          0x0000000000000000        0x0 c:/st/stm32cubeide_1.10.1/stm32cubeide/plugins/com.st.stm32cube.ide.mcu.externaltools.gnu-tools-for-stm32.10.3-2021.10.win32_1.0.200.202301161003/tools/bin/../lib/gcc/arm-none-eabi/10.3.1/thumb/v7-m/nofp/crti.o
 .data          0x0000000000000000        0x0 c:/st/stm32cubeide_1.10.1/stm32cubeide/plugins/com.st.stm32cube.ide.mcu.externaltools.gnu-tools-for-stm32.10.3-2021.10.win32_1.0.200.202301161003/tools/bin/../lib/gcc/arm-none-eabi/10.3.1/thumb/v7-m/nofp/crti.o
 .bss           0x0000000000000000        0x0 c:/st/stm32cubeide_1.10.1/stm32cubeide/plugins/com.st.stm32cube.ide.mcu.externaltools.gnu-tools-for-stm32.10.3-2021.10.win32_1.0.200.202301161003/tools/bin/../lib/gcc/arm-none-eabi/10.3.1/thumb/v7-m/nofp/crti.o
 .data          0x0000000000000000        0x4 c:/st/stm32cubeide_1.10.1/stm32cubeide/plugins/com.st.stm32cube.ide.mcu.externaltools.gnu-tools-for-stm32.10.3-2021.10.win32_1.0.200.202301161003/tools/bin/../lib/gcc/arm-none-eabi/10.3.1/thumb/v7-m/nofp/crtbegin.o
 .rodata        0x0000000000000000       0x24 c:/st/stm32cubeide_1.10.1/stm32cubeide/plugins/com.st.stm32cube.ide.mcu.externaltools.gnu-tools-for-stm32.10.3-2021.10.win32_1.0.200.202301161003/tools/bin/../lib/gcc/arm-none-eabi/10.3.1/thumb/v7-m/nofp/crtbegin.o
 .text          0x0000000000000000       0x7c c:/st/stm32cubeide_1.10.1/stm32cubeide/plugins/com.st.stm32cube.ide.mcu.externaltools.gnu-tools-for-stm32.10.3-2021.10.win32_1.0.200.202301161003/tools/bin/../lib/gcc/arm-none-eabi/10.3.1/../../../../arm-none-eabi/lib/thumb/v7-m/nofp/crt0.o
 .data          0x0000000000000000        0x0 c:/st/stm32cubeide_1.10.1/stm32cubeide/plugins/com.st.stm32cube.ide.mcu.externaltools.gnu-tools-for-stm32.10.3-2021.10.win32_1.0.200.202301161003/tools/bin/../lib/gcc/arm-none-eabi/10.3.1/../../../../arm-none-eabi/lib/thumb/v7-m/nofp/crt0.o
 .bss           0x0000000000000000        0x0 c:/st/stm32cubeide_1.10.1/stm32cubeide/plugins/com.st.stm32cube.ide.mcu.externaltools.gnu-tools-for-stm32.10.3-2021.10.win32_1.0.200.202301161003/tools/bin/../lib/gcc/arm-none-eabi/10.3.1/../../../../arm-none-eabi/lib/thumb/v7-m/nofp/crt0.o
 .ARM.extab     0x0000000000000000        0x0 c:/st/stm32cubeide_1.10.1/stm32cubeide/plugins/com.st.stm32cube.ide.mcu.externaltools.gnu-tools-for-stm32.10.3-2021.10.win32_1.0.200.202301161003/tools/bin/../lib/gcc/arm-none-eabi/10.3.1/../../../../arm-none-eabi/lib/thumb/v7-m/nofp/crt0.o
 .ARM.exidx     0x0000000000000000       0x10 c:/st/stm32cubeide_1.10.1/stm32cubeide/plugins/com.st.stm32cube.ide.mcu.externaltools.gnu-tools-for-stm32.10.3-2021.10.win32_1.0.200.202301161003/tools/bin/../lib/gcc/arm-none-eabi/10.3.1/../../../../arm-none-eabi/lib/thumb/v7-m/nofp/crt0.o
 .ARM.attributes
                0x0000000000000000       0x1b c:/st/stm32cubeide_1.10.1/stm32cubeide/plugins/com.st.stm32cube.ide.mcu.externaltools.gnu-tools-for-stm32.10.3-2021.10.win32_1.0.200.202301161003/tools/bin/../lib/gcc/arm-none-eabi/10.3.1/../../../../arm-none-eabi/lib/thumb/v7-m/nofp/crt0.o
 .text          0x0000000000000000        0x0 ./Drivers/Src/stm32f100xx_gpio.o
 .data          0x0000000000000000        0x0 ./Drivers/Src/stm32f100xx_gpio.o
 .bss           0x0000000000000000        0x0 ./Drivers/Src/stm32f100xx_gpio.o
 .text.GPIO_DeInit
                0x0000000000000000       0xd4 ./Drivers/Src/stm32f100xx_gpio.o
 .text.GPIO_ReadFromInputPort
                0x0000000000000000       0x22 ./Drivers/Src/stm32f100xx_gpio.o
 .text.GPIO_WriteToOutputPin
                0x0000000000000000       0x48 ./Drivers/Src/stm32f100xx_gpio.o
 .text.GPIO_WriteToOutputPort
                0x0000000000000000       0x1c ./Drivers/Src/stm32f100xx_gpio.o
 .text.GPIO_IRQInterruptConfig
                0x0000000000000000      0x108 ./Drivers/Src/stm32f100xx_gpio.o
 .text.GPIO_IRQPriorityConfig
                0x0000000000000000       0x52 ./Drivers/Src/stm32f100xx_gpio.o
 .text.GPIO_IRQHandling
                0x0000000000000000       0x40 ./Drivers/Src/stm32f100xx_gpio.o
 .text          0x0000000000000000        0x0 ./Drivers/Src/stm32f100xx_i2c.o
 .data          0x0000000000000000        0x0 ./Drivers/Src/stm32f100xx_i2c.o
 .bss           0x0000000000000000        0x0 ./Drivers/Src/stm32f100xx_i2c.o
 .text.I2C_GenerateStartCondition
                0x0000000000000000       0x1e ./Drivers/Src/stm32f100xx_i2c.o
 .text.I2C_AddressWrite
                0x0000000000000000       0x2a ./Drivers/Src/stm32f100xx_i2c.o
 .text.I2C_AddressRead
                0x0000000000000000       0x2a ./Drivers/Src/stm32f100xx_i2c.o
 .text.I2C_ClearADDRFlag
                0x0000000000000000       0x6e ./Drivers/Src/stm32f100xx_i2c.o
 .text.I2C_GenerateStopCondition
                0x0000000000000000       0x1e ./Drivers/Src/stm32f100xx_i2c.o
 .text.I2C_PCLK
                0x0000000000000000       0x3c ./Drivers/Src/stm32f100xx_i2c.o
 .text.I2C_PeriphControl
                0x0000000000000000       0x36 ./Drivers/Src/stm32f100xx_i2c.o
 .text.I2C_Init
                0x0000000000000000      0x164 ./Drivers/Src/stm32f100xx_i2c.o
 .text.I2C_DeInit
                0x0000000000000000       0x30 ./Drivers/Src/stm32f100xx_i2c.o
 .text.I2C_GetFlagStatus
                0x0000000000000000       0x26 ./Drivers/Src/stm32f100xx_i2c.o
 .text.I2C_MasterSendData
                0x0000000000000000       0xc6 ./Drivers/Src/stm32f100xx_i2c.o
 .text.I2C_MasterReceiveData
                0x0000000000000000      0x124 ./Drivers/Src/stm32f100xx_i2c.o
 .text.I2C_ManageAcking
                0x0000000000000000       0x36 ./Drivers/Src/stm32f100xx_i2c.o
 .text.I2C_IRQInterruptConfig
                0x0000000000000000      0x108 ./Drivers/Src/stm32f100xx_i2c.o
 .text.I2C_IRQPriorityConfig
                0x0000000000000000       0x52 ./Drivers/Src/stm32f100xx_i2c.o
 .text.I2C_MasterSendDataIT
                0x0000000000000000       0x86 ./Drivers/Src/stm32f100xx_i2c.o
 .text.I2C_MasterReceiveDataIT
                0x0000000000000000       0x94 ./Drivers/Src/stm32f100xx_i2c.o
 .text.I2C_MasterHandleTXEInterrupt
                0x0000000000000000       0x3a ./Drivers/Src/stm32f100xx_i2c.o
 .text.I2C_MasterHandleRXNEInterrupt
                0x0000000000000000       0x98 ./Drivers/Src/stm32f100xx_i2c.o
 .text.I2C_CloseReceiveData
                0x0000000000000000       0x5c ./Drivers/Src/stm32f100xx_i2c.o
 .text.I2C_CloseSendData
                0x0000000000000000       0x44 ./Drivers/Src/stm32f100xx_i2c.o
 .text.I2C_SlaveEnableDisableCallbackEvents
                0x0000000000000000       0x66 ./Drivers/Src/stm32f100xx_i2c.o
 .text.I2C_SlaveSendData
                0x0000000000000000       0x1c ./Drivers/Src/stm32f100xx_i2c.o
 .text.I2C_SlaveReceiveData
                0x0000000000000000       0x18 ./Drivers/Src/stm32f100xx_i2c.o
 .text.I2C_EV_IRQHandling
                0x0000000000000000      0x1b8 ./Drivers/Src/stm32f100xx_i2c.o
 .text.I2C_ER_IRQHandling
                0x0000000000000000      0x10c ./Drivers/Src/stm32f100xx_i2c.o
 .text.I2C_ApplicationEventCallback
                0x0000000000000000       0x16 ./Drivers/Src/stm32f100xx_i2c.o
 .debug_info    0x0000000000000000      0x9b6 ./Drivers/Src/stm32f100xx_i2c.o
 .debug_abbrev  0x0000000000000000      0x248 ./Drivers/Src/stm32f100xx_i2c.o
 .debug_aranges
                0x0000000000000000       0xf0 ./Drivers/Src/stm32f100xx_i2c.o
 .debug_ranges  0x0000000000000000       0xe0 ./Drivers/Src/stm32f100xx_i2c.o
 .debug_line    0x0000000000000000      0xadf ./Drivers/Src/stm32f100xx_i2c.o
 .debug_str     0x0000000000000000      0x5f4 ./Drivers/Src/stm32f100xx_i2c.o
 .comment       0x0000000000000000       0x51 ./Drivers/Src/stm32f100xx_i2c.o
 .debug_frame   0x0000000000000000      0x420 ./Drivers/Src/stm32f100xx_i2c.o
 .ARM.attributes
                0x0000000000000000       0x2d ./Drivers/Src/stm32f100xx_i2c.o
 .text          0x0000000000000000        0x0 ./Drivers/Src/stm32f100xx_rcc.o
 .data          0x0000000000000000        0x0 ./Drivers/Src/stm32f100xx_rcc.o
 .bss           0x0000000000000000        0x0 ./Drivers/Src/stm32f100xx_rcc.o
 .text          0x0000000000000000        0x0 ./Drivers/Src/stm32f100xx_spi.o
 .data          0x0000000000000000        0x0 ./Drivers/Src/stm32f100xx_spi.o
 .bss           0x0000000000000000        0x0 ./Drivers/Src/stm32f100xx_spi.o
 .text.SPI_PCLK
                0x0000000000000000       0x3c ./Drivers/Src/stm32f100xx_spi.o
 .text.SPI_Init
                0x0000000000000000       0xb6 ./Drivers/Src/stm32f100xx_spi.o
 .text.SPI_DeInit
                0x0000000000000000       0x30 ./Drivers/Src/stm32f100xx_spi.o
 .text.SPI_GetFlagStatus
                0x0000000000000000       0x26 ./Drivers/Src/stm32f100xx_spi.o
 .text.SPI_SendData
                0x0000000000000000       0x6e ./Drivers/Src/stm32f100xx_spi.o
 .text.SPI_ReceiveData
                0x0000000000000000       0x6e ./Drivers/Src/stm32f100xx_spi.o
 .text.SPI_PeriphControl
                0x0000000000000000       0x36 ./Drivers/Src/stm32f100xx_spi.o
 .text.SPI_SSIConfig
                0x0000000000000000       0x36 ./Drivers/Src/stm32f100xx_spi.o
 .text.SPI_SSOEConfig
                0x0000000000000000       0x36 ./Drivers/Src/stm32f100xx_spi.o
 .text.SPI_IRQInterruptConfig
                0x0000000000000000      0x108 ./Drivers/Src/stm32f100xx_spi.o
 .text.SPI_IRQPriorityConfig
                0x0000000000000000       0x52 ./Drivers/Src/stm32f100xx_spi.o
 .text.SPI_SendDataIT
                0x0000000000000000       0x46 ./Drivers/Src/stm32f100xx_spi.o
 .text.SPI_ReceiveDataIT
                0x0000000000000000       0x46 ./Drivers/Src/stm32f100xx_spi.o
 .text.SPI_IRQHandling
                0x0000000000000000       0x9a ./Drivers/Src/stm32f100xx_spi.o
 .text.spi_txe_interrupt_handle
                0x0000000000000000       0x80 ./Drivers/Src/stm32f100xx_spi.o
 .text.spi_rxne_interrupt_handle
                0x0000000000000000       0x84 ./Drivers/Src/stm32f100xx_spi.o
 .text.spi_ovr_err_interrupt_handle
                0x0000000000000000       0x30 ./Drivers/Src/stm32f100xx_spi.o
 .text.SPI_CloseTransmisson
                0x0000000000000000       0x34 ./Drivers/Src/stm32f100xx_spi.o
 .text.SPI_CloseReception
                0x0000000000000000       0x34 ./Drivers/Src/stm32f100xx_spi.o
 .text.SPI_ClearOVRFlag
                0x0000000000000000       0x1e ./Drivers/Src/stm32f100xx_spi.o
 .text.SPI_ApplicationEventCallback
                0x0000000000000000       0x16 ./Drivers/Src/stm32f100xx_spi.o
 .debug_info    0x0000000000000000      0x7b2 ./Drivers/Src/stm32f100xx_spi.o
 .debug_abbrev  0x0000000000000000      0x1c0 ./Drivers/Src/stm32f100xx_spi.o
 .debug_aranges
                0x0000000000000000       0xc0 ./Drivers/Src/stm32f100xx_spi.o
 .debug_ranges  0x0000000000000000       0xb0 ./Drivers/Src/stm32f100xx_spi.o
 .debug_line    0x0000000000000000      0x74f ./Drivers/Src/stm32f100xx_spi.o
 .debug_str     0x0000000000000000      0x512 ./Drivers/Src/stm32f100xx_spi.o
 .comment       0x0000000000000000       0x51 ./Drivers/Src/stm32f100xx_spi.o
 .debug_frame   0x0000000000000000      0x33c ./Drivers/Src/stm32f100xx_spi.o
 .ARM.attributes
                0x0000000000000000       0x2d ./Drivers/Src/stm32f100xx_spi.o
 .text          0x0000000000000000        0x0 ./Drivers/Src/stm32f100xx_usart.o
 .data          0x0000000000000000        0x0 ./Drivers/Src/stm32f100xx_usart.o
 .bss           0x0000000000000000        0x0 ./Drivers/Src/stm32f100xx_usart.o
 .text.USART_DeInit
                0x0000000000000000       0x30 ./Drivers/Src/stm32f100xx_usart.o
 .text.USART_ClearFlag
                0x0000000000000000       0x24 ./Drivers/Src/stm32f100xx_usart.o
 .text.USART_ReceiveData
                0x0000000000000000       0xb0 ./Drivers/Src/stm32f100xx_usart.o
 .text.USART_IRQInterruptConfig
                0x0000000000000000      0x108 ./Drivers/Src/stm32f100xx_usart.o
 .text.USART_IRQPriorityConfig
                0x0000000000000000       0x52 ./Drivers/Src/stm32f100xx_usart.o
 .text.USART_SendDataIT
                0x0000000000000000       0x5a ./Drivers/Src/stm32f100xx_usart.o
 .text.USART_ReceiveDataIT
                0x0000000000000000       0x50 ./Drivers/Src/stm32f100xx_usart.o
 .text.USART_IRQHandling
                0x0000000000000000      0x34a ./Drivers/Src/stm32f100xx_usart.o
 .text.USART_ApplicationEventCallback
                0x0000000000000000       0x16 ./Drivers/Src/stm32f100xx_usart.o
 .text          0x0000000000000000        0x0 ./Src/010USART_TX.o
 .data          0x0000000000000000        0x0 ./Src/010USART_TX.o
 .bss           0x0000000000000000        0x0 ./Src/010USART_TX.o
 .text          0x0000000000000000        0x0 ./Src/syscalls.o
 .data          0x0000000000000000        0x0 ./Src/syscalls.o
 .bss           0x0000000000000000        0x0 ./Src/syscalls.o
 .bss.__env     0x0000000000000000        0x4 ./Src/syscalls.o
 .data.environ  0x0000000000000000        0x4 ./Src/syscalls.o
 .text.initialise_monitor_handles
                0x0000000000000000        0xc ./Src/syscalls.o
 .text._getpid  0x0000000000000000        0xe ./Src/syscalls.o
 .text._kill    0x0000000000000000       0x20 ./Src/syscalls.o
 .text._exit    0x0000000000000000       0x14 ./Src/syscalls.o
 .text._read    0x0000000000000000       0x3a ./Src/syscalls.o
 .text._write   0x0000000000000000       0x38 ./Src/syscalls.o
 .text._close   0x0000000000000000       0x16 ./Src/syscalls.o
 .text._fstat   0x0000000000000000       0x1e ./Src/syscalls.o
 .text._isatty  0x0000000000000000       0x14 ./Src/syscalls.o
 .text._lseek   0x0000000000000000       0x18 ./Src/syscalls.o
 .text._open    0x0000000000000000       0x1a ./Src/syscalls.o
 .text._wait    0x0000000000000000       0x1e ./Src/syscalls.o
 .text._unlink  0x0000000000000000       0x1e ./Src/syscalls.o
 .text._times   0x0000000000000000       0x16 ./Src/syscalls.o
 .text._stat    0x0000000000000000       0x1e ./Src/syscalls.o
 .text._link    0x0000000000000000       0x20 ./Src/syscalls.o
 .text._fork    0x0000000000000000       0x16 ./Src/syscalls.o
 .text._execve  0x0000000000000000       0x22 ./Src/syscalls.o
 .debug_info    0x0000000000000000      0x6dc ./Src/syscalls.o
 .debug_abbrev  0x0000000000000000      0x1b0 ./Src/syscalls.o
 .debug_aranges
                0x0000000000000000       0xa8 ./Src/syscalls.o
 .debug_ranges  0x0000000000000000       0x98 ./Src/syscalls.o
 .debug_line    0x0000000000000000      0x429 ./Src/syscalls.o
 .debug_str     0x0000000000000000      0x41a ./Src/syscalls.o
 .comment       0x0000000000000000       0x51 ./Src/syscalls.o
 .debug_frame   0x0000000000000000      0x2ac ./Src/syscalls.o
 .ARM.attributes
                0x0000000000000000       0x2d ./Src/syscalls.o
 .text          0x0000000000000000        0x0 ./Src/sysmem.o
 .data          0x0000000000000000        0x0 ./Src/sysmem.o
 .bss           0x0000000000000000        0x0 ./Src/sysmem.o
 .bss.__sbrk_heap_end
                0x0000000000000000        0x4 ./Src/sysmem.o
 .text._sbrk    0x0000000000000000       0x6c ./Src/sysmem.o
 .debug_info    0x0000000000000000      0x16d ./Src/sysmem.o
 .debug_abbrev  0x0000000000000000       0xb8 ./Src/sysmem.o
 .debug_aranges
                0x0000000000000000       0x20 ./Src/sysmem.o
 .debug_ranges  0x0000000000000000       0x10 ./Src/sysmem.o
 .debug_line    0x0000000000000000      0x2cc ./Src/sysmem.o
 .debug_str     0x0000000000000000      0x246 ./Src/sysmem.o
 .comment       0x0000000000000000       0x51 ./Src/sysmem.o
 .debug_frame   0x0000000000000000       0x34 ./Src/sysmem.o
 .ARM.attributes
                0x0000000000000000       0x2d ./Src/sysmem.o
 .text          0x0000000000000000       0x14 ./Startup/startup_stm32f100rbtx.o
 .data          0x0000000000000000        0x0 ./Startup/startup_stm32f100rbtx.o
 .bss           0x0000000000000000        0x0 ./Startup/startup_stm32f100rbtx.o
 .text          0x0000000000000000        0x0 c:/st/stm32cubeide_1.10.1/stm32cubeide/plugins/com.st.stm32cube.ide.mcu.externaltools.gnu-tools-for-stm32.10.3-2021.10.win32_1.0.200.202301161003/tools/bin/../lib/gcc/arm-none-eabi/10.3.1/../../../../arm-none-eabi/lib/thumb/v7-m/nofp\libc_nano.a(lib_a-errno.o)
 .data          0x0000000000000000        0x0 c:/st/stm32cubeide_1.10.1/stm32cubeide/plugins/com.st.stm32cube.ide.mcu.externaltools.gnu-tools-for-stm32.10.3-2021.10.win32_1.0.200.202301161003/tools/bin/../lib/gcc/arm-none-eabi/10.3.1/../../../../arm-none-eabi/lib/thumb/v7-m/nofp\libc_nano.a(lib_a-errno.o)
 .bss           0x0000000000000000        0x0 c:/st/stm32cubeide_1.10.1/stm32cubeide/plugins/com.st.stm32cube.ide.mcu.externaltools.gnu-tools-for-stm32.10.3-2021.10.win32_1.0.200.202301161003/tools/bin/../lib/gcc/arm-none-eabi/10.3.1/../../../../arm-none-eabi/lib/thumb/v7-m/nofp\libc_nano.a(lib_a-errno.o)
 .text.__errno  0x0000000000000000        0xc c:/st/stm32cubeide_1.10.1/stm32cubeide/plugins/com.st.stm32cube.ide.mcu.externaltools.gnu-tools-for-stm32.10.3-2021.10.win32_1.0.200.202301161003/tools/bin/../lib/gcc/arm-none-eabi/10.3.1/../../../../arm-none-eabi/lib/thumb/v7-m/nofp\libc_nano.a(lib_a-errno.o)
 .debug_frame   0x0000000000000000       0x20 c:/st/stm32cubeide_1.10.1/stm32cubeide/plugins/com.st.stm32cube.ide.mcu.externaltools.gnu-tools-for-stm32.10.3-2021.10.win32_1.0.200.202301161003/tools/bin/../lib/gcc/arm-none-eabi/10.3.1/../../../../arm-none-eabi/lib/thumb/v7-m/nofp\libc_nano.a(lib_a-errno.o)
 .ARM.attributes
                0x0000000000000000       0x2d c:/st/stm32cubeide_1.10.1/stm32cubeide/plugins/com.st.stm32cube.ide.mcu.externaltools.gnu-tools-for-stm32.10.3-2021.10.win32_1.0.200.202301161003/tools/bin/../lib/gcc/arm-none-eabi/10.3.1/../../../../arm-none-eabi/lib/thumb/v7-m/nofp\libc_nano.a(lib_a-errno.o)
 .text          0x0000000000000000        0x0 c:/st/stm32cubeide_1.10.1/stm32cubeide/plugins/com.st.stm32cube.ide.mcu.externaltools.gnu-tools-for-stm32.10.3-2021.10.win32_1.0.200.202301161003/tools/bin/../lib/gcc/arm-none-eabi/10.3.1/../../../../arm-none-eabi/lib/thumb/v7-m/nofp\libc_nano.a(lib_a-exit.o)
 .data          0x0000000000000000        0x0 c:/st/stm32cubeide_1.10.1/stm32cubeide/plugins/com.st.stm32cube.ide.mcu.externaltools.gnu-tools-for-stm32.10.3-2021.10.win32_1.0.200.202301161003/tools/bin/../lib/gcc/arm-none-eabi/10.3.1/../../../../arm-none-eabi/lib/thumb/v7-m/nofp\libc_nano.a(lib_a-exit.o)
 .bss           0x0000000000000000        0x0 c:/st/stm32cubeide_1.10.1/stm32cubeide/plugins/com.st.stm32cube.ide.mcu.externaltools.gnu-tools-for-stm32.10.3-2021.10.win32_1.0.200.202301161003/tools/bin/../lib/gcc/arm-none-eabi/10.3.1/../../../../arm-none-eabi/lib/thumb/v7-m/nofp\libc_nano.a(lib_a-exit.o)
 .text.exit     0x0000000000000000       0x28 c:/st/stm32cubeide_1.10.1/stm32cubeide/plugins/com.st.stm32cube.ide.mcu.externaltools.gnu-tools-for-stm32.10.3-2021.10.win32_1.0.200.202301161003/tools/bin/../lib/gcc/arm-none-eabi/10.3.1/../../../../arm-none-eabi/lib/thumb/v7-m/nofp\libc_nano.a(lib_a-exit.o)
 .debug_frame   0x0000000000000000       0x28 c:/st/stm32cubeide_1.10.1/stm32cubeide/plugins/com.st.stm32cube.ide.mcu.externaltools.gnu-tools-for-stm32.10.3-2021.10.win32_1.0.200.202301161003/tools/bin/../lib/gcc/arm-none-eabi/10.3.1/../../../../arm-none-eabi/lib/thumb/v7-m/nofp\libc_nano.a(lib_a-exit.o)
 .ARM.attributes
                0x0000000000000000       0x2d c:/st/stm32cubeide_1.10.1/stm32cubeide/plugins/com.st.stm32cube.ide.mcu.externaltools.gnu-tools-for-stm32.10.3-2021.10.win32_1.0.200.202301161003/tools/bin/../lib/gcc/arm-none-eabi/10.3.1/../../../../arm-none-eabi/lib/thumb/v7-m/nofp\libc_nano.a(lib_a-exit.o)
 .text          0x0000000000000000        0x0 c:/st/stm32cubeide_1.10.1/stm32cubeide/plugins/com.st.stm32cube.ide.mcu.externaltools.gnu-tools-for-stm32.10.3-2021.10.win32_1.0.200.202301161003/tools/bin/../lib/gcc/arm-none-eabi/10.3.1/../../../../arm-none-eabi/lib/thumb/v7-m/nofp\libc_nano.a(lib_a-impure.o)
 .data          0x0000000000000000        0x0 c:/st/stm32cubeide_1.10.1/stm32cubeide/plugins/com.st.stm32cube.ide.mcu.externaltools.gnu-tools-for-stm32.10.3-2021.10.win32_1.0.200.202301161003/tools/bin/../lib/gcc/arm-none-eabi/10.3.1/../../../../arm-none-eabi/lib/thumb/v7-m/nofp\libc_nano.a(lib_a-impure.o)
 .bss           0x0000000000000000        0x0 c:/st/stm32cubeide_1.10.1/stm32cubeide/plugins/com.st.stm32cube.ide.mcu.externaltools.gnu-tools-for-stm32.10.3-2021.10.win32_1.0.200.202301161003/tools/bin/../lib/gcc/arm-none-eabi/10.3.1/../../../../arm-none-eabi/lib/thumb/v7-m/nofp\libc_nano.a(lib_a-impure.o)
 .data._impure_ptr
                0x0000000000000000        0x4 c:/st/stm32cubeide_1.10.1/stm32cubeide/plugins/com.st.stm32cube.ide.mcu.externaltools.gnu-tools-for-stm32.10.3-2021.10.win32_1.0.200.202301161003/tools/bin/../lib/gcc/arm-none-eabi/10.3.1/../../../../arm-none-eabi/lib/thumb/v7-m/nofp\libc_nano.a(lib_a-impure.o)
 .data.impure_data
                0x0000000000000000       0x60 c:/st/stm32cubeide_1.10.1/stm32cubeide/plugins/com.st.stm32cube.ide.mcu.externaltools.gnu-tools-for-stm32.10.3-2021.10.win32_1.0.200.202301161003/tools/bin/../lib/gcc/arm-none-eabi/10.3.1/../../../../arm-none-eabi/lib/thumb/v7-m/nofp\libc_nano.a(lib_a-impure.o)
 .rodata._global_impure_ptr
                0x0000000000000000        0x4 c:/st/stm32cubeide_1.10.1/stm32cubeide/plugins/com.st.stm32cube.ide.mcu.externaltools.gnu-tools-for-stm32.10.3-2021.10.win32_1.0.200.202301161003/tools/bin/../lib/gcc/arm-none-eabi/10.3.1/../../../../arm-none-eabi/lib/thumb/v7-m/nofp\libc_nano.a(lib_a-impure.o)
 .ARM.attributes
                0x0000000000000000       0x2d c:/st/stm32cubeide_1.10.1/stm32cubeide/plugins/com.st.stm32cube.ide.mcu.externaltools.gnu-tools-for-stm32.10.3-2021.10.win32_1.0.200.202301161003/tools/bin/../lib/gcc/arm-none-eabi/10.3.1/../../../../arm-none-eabi/lib/thumb/v7-m/nofp\libc_nano.a(lib_a-impure.o)
 .text          0x0000000000000000        0x0 c:/st/stm32cubeide_1.10.1/stm32cubeide/plugins/com.st.stm32cube.ide.mcu.externaltools.gnu-tools-for-stm32.10.3-2021.10.win32_1.0.200.202301161003/tools/bin/../lib/gcc/arm-none-eabi/10.3.1/../../../../arm-none-eabi/lib/thumb/v7-m/nofp\libc_nano.a(lib_a-init.o)
 .data          0x0000000000000000        0x0 c:/st/stm32cubeide_1.10.1/stm32cubeide/plugins/com.st.stm32cube.ide.mcu.externaltools.gnu-tools-for-stm32.10.3-2021.10.win32_1.0.200.202301161003/tools/bin/../lib/gcc/arm-none-eabi/10.3.1/../../../../arm-none-eabi/lib/thumb/v7-m/nofp\libc_nano.a(lib_a-init.o)
 .bss           0x0000000000000000        0x0 c:/st/stm32cubeide_1.10.1/stm32cubeide/plugins/com.st.stm32cube.ide.mcu.externaltools.gnu-tools-for-stm32.10.3-2021.10.win32_1.0.200.202301161003/tools/bin/../lib/gcc/arm-none-eabi/10.3.1/../../../../arm-none-eabi/lib/thumb/v7-m/nofp\libc_nano.a(lib_a-init.o)
 .text          0x0000000000000000        0x0 c:/st/stm32cubeide_1.10.1/stm32cubeide/plugins/com.st.stm32cube.ide.mcu.externaltools.gnu-tools-for-stm32.10.3-2021.10.win32_1.0.200.202301161003/tools/bin/../lib/gcc/arm-none-eabi/10.3.1/../../../../arm-none-eabi/lib/thumb/v7-m/nofp\libc_nano.a(lib_a-memset.o)
 .data          0x0000000000000000        0x0 c:/st/stm32cubeide_1.10.1/stm32cubeide/plugins/com.st.stm32cube.ide.mcu.externaltools.gnu-tools-for-stm32.10.3-2021.10.win32_1.0.200.202301161003/tools/bin/../lib/gcc/arm-none-eabi/10.3.1/../../../../arm-none-eabi/lib/thumb/v7-m/nofp\libc_nano.a(lib_a-memset.o)
 .bss           0x0000000000000000        0x0 c:/st/stm32cubeide_1.10.1/stm32cubeide/plugins/com.st.stm32cube.ide.mcu.externaltools.gnu-tools-for-stm32.10.3-2021.10.win32_1.0.200.202301161003/tools/bin/../lib/gcc/arm-none-eabi/10.3.1/../../../../arm-none-eabi/lib/thumb/v7-m/nofp\libc_nano.a(lib_a-memset.o)
 .text.memset   0x0000000000000000       0x10 c:/st/stm32cubeide_1.10.1/stm32cubeide/plugins/com.st.stm32cube.ide.mcu.externaltools.gnu-tools-for-stm32.10.3-2021.10.win32_1.0.200.202301161003/tools/bin/../lib/gcc/arm-none-eabi/10.3.1/../../../../arm-none-eabi/lib/thumb/v7-m/nofp\libc_nano.a(lib_a-memset.o)
 .debug_frame   0x0000000000000000       0x20 c:/st/stm32cubeide_1.10.1/stm32cubeide/plugins/com.st.stm32cube.ide.mcu.externaltools.gnu-tools-for-stm32.10.3-2021.10.win32_1.0.200.202301161003/tools/bin/../lib/gcc/arm-none-eabi/10.3.1/../../../../arm-none-eabi/lib/thumb/v7-m/nofp\libc_nano.a(lib_a-memset.o)
 .ARM.attributes
                0x0000000000000000       0x2d c:/st/stm32cubeide_1.10.1/stm32cubeide/plugins/com.st.stm32cube.ide.mcu.externaltools.gnu-tools-for-stm32.10.3-2021.10.win32_1.0.200.202301161003/tools/bin/../lib/gcc/arm-none-eabi/10.3.1/../../../../arm-none-eabi/lib/thumb/v7-m/nofp\libc_nano.a(lib_a-memset.o)
 .data          0x0000000000000000        0x0 c:/st/stm32cubeide_1.10.1/stm32cubeide/plugins/com.st.stm32cube.ide.mcu.externaltools.gnu-tools-for-stm32.10.3-2021.10.win32_1.0.200.202301161003/tools/bin/../lib/gcc/arm-none-eabi/10.3.1/../../../../arm-none-eabi/lib/thumb/v7-m/nofp\libc_nano.a(lib_a-strlen.o)
 .bss           0x0000000000000000        0x0 c:/st/stm32cubeide_1.10.1/stm32cubeide/plugins/com.st.stm32cube.ide.mcu.externaltools.gnu-tools-for-stm32.10.3-2021.10.win32_1.0.200.202301161003/tools/bin/../lib/gcc/arm-none-eabi/10.3.1/../../../../arm-none-eabi/lib/thumb/v7-m/nofp\libc_nano.a(lib_a-strlen.o)
 .text          0x0000000000000000        0x0 c:/st/stm32cubeide_1.10.1/stm32cubeide/plugins/com.st.stm32cube.ide.mcu.externaltools.gnu-tools-for-stm32.10.3-2021.10.win32_1.0.200.202301161003/tools/bin/../lib/gcc/arm-none-eabi/10.3.1/thumb/v7-m/nofp/crtend.o
 .data          0x0000000000000000        0x0 c:/st/stm32cubeide_1.10.1/stm32cubeide/plugins/com.st.stm32cube.ide.mcu.externaltools.gnu-tools-for-stm32.10.3-2021.10.win32_1.0.200.202301161003/tools/bin/../lib/gcc/arm-none-eabi/10.3.1/thumb/v7-m/nofp/crtend.o
 .bss           0x0000000000000000        0x0 c:/st/stm32cubeide_1.10.1/stm32cubeide/plugins/com.st.stm32cube.ide.mcu.externaltools.gnu-tools-for-stm32.10.3-2021.10.win32_1.0.200.202301161003/tools/bin/../lib/gcc/arm-none-eabi/10.3.1/thumb/v7-m/nofp/crtend.o
 .rodata        0x0000000000000000       0x24 c:/st/stm32cubeide_1.10.1/stm32cubeide/plugins/com.st.stm32cube.ide.mcu.externaltools.gnu-tools-for-stm32.10.3-2021.10.win32_1.0.200.202301161003/tools/bin/../lib/gcc/arm-none-eabi/10.3.1/thumb/v7-m/nofp/crtend.o
 .eh_frame      0x0000000000000000        0x4 c:/st/stm32cubeide_1.10.1/stm32cubeide/plugins/com.st.stm32cube.ide.mcu.externaltools.gnu-tools-for-stm32.10.3-2021.10.win32_1.0.200.202301161003/tools/bin/../lib/gcc/arm-none-eabi/10.3.1/thumb/v7-m/nofp/crtend.o
 .ARM.attributes
                0x0000000000000000       0x2d c:/st/stm32cubeide_1.10.1/stm32cubeide/plugins/com.st.stm32cube.ide.mcu.externaltools.gnu-tools-for-stm32.10.3-2021.10.win32_1.0.200.202301161003/tools/bin/../lib/gcc/arm-none-eabi/10.3.1/thumb/v7-m/nofp/crtend.o
 .text          0x0000000000000000        0x0 c:/st/stm32cubeide_1.10.1/stm32cubeide/plugins/com.st.stm32cube.ide.mcu.externaltools.gnu-tools-for-stm32.10.3-2021.10.win32_1.0.200.202301161003/tools/bin/../lib/gcc/arm-none-eabi/10.3.1/thumb/v7-m/nofp/crtn.o
 .data          0x0000000000000000        0x0 c:/st/stm32cubeide_1.10.1/stm32cubeide/plugins/com.st.stm32cube.ide.mcu.externaltools.gnu-tools-for-stm32.10.3-2021.10.win32_1.0.200.202301161003/tools/bin/../lib/gcc/arm-none-eabi/10.3.1/thumb/v7-m/nofp/crtn.o
 .bss           0x0000000000000000        0x0 c:/st/stm32cubeide_1.10.1/stm32cubeide/plugins/com.st.stm32cube.ide.mcu.externaltools.gnu-tools-for-stm32.10.3-2021.10.win32_1.0.200.202301161003/tools/bin/../lib/gcc/arm-none-eabi/10.3.1/thumb/v7-m/nofp/crtn.o

Memory Configuration

Name             Origin             Length             Attributes
RAMEXEC          0x0000000020000000 0x0000000000002000 xrw
FLASH            0x0000000008000000 0x0000000000020000 xr
*default*        0x0000000000000000 0xffffffffffffffff

Linker script and memory map

LOAD c:/st/stm32cubeide_1.10.1/stm32cubeide/plugins/com.st.stm32cube.ide.mcu.externaltools.gnu-tools-for-stm32.10.3-2021.10.win32_1.0.200.202301161003/tools/bin/../lib/gcc/arm-none-eabi/10.3.1/thumb/v7-m/nofp/crti.o
LOAD c:/st/stm32cubeide_1.10.1/stm32cubeide/plugins/com.st.stm32cube.ide.mcu.externaltools.gnu-tools-for-stm32.10.3-2021.10.win32_1.0.200.202301161003/tools/bin/../lib/gcc/arm-none-eabi/10.3.1/thumb/v7-m/nofp/crtbegin.o
LOAD c:/st/stm32cubeide_1.10.1/stm32cubeide/plugins/com.st.stm32cube.ide.mcu.externaltools.gnu-tools-for-stm32.10.3-2021.10.win32_1.0.200.202301161003/tools/bin/../lib/gcc/arm-none-eabi/10.3.1/../../../../arm-none-eabi/lib/thumb/v7-m/nofp/crt0.o
LOAD ./Drivers/Src/stm32f100xx_gpio.o
LOAD ./Drivers/Src/stm32f100xx_i2c.o
LOAD ./Drivers/Src/stm32f100xx_rcc.o
LOAD ./Drivers/Src/stm32f100xx_spi.o
LOAD ./Drivers/Src/stm32f100xx_usart.o
LOAD ./Src/010USART_TX.o
LOAD ./Src/syscalls.o
LOAD ./Src/sysmem.o
LOAD ./Startup/startup_stm32f100rbtx.o
START GROUP
LOAD c:/st/stm32cubeide_1.10.1/stm32cubeide/plugins/com.st.stm32cube.ide.mcu.externaltools.gnu-tools-for-stm32.10.3-2021.10.win32_1.0.200.202301161003/tools/bin/../lib/gcc/arm-none-eabi/10.3.1/../../../../arm-none-eabi/lib/thumb/v7-m/nofp\libc_nano.a
LOAD c:/st/stm32cubeide_1.10.1/stm32cubeide/plugins/com.st.stm32cube.ide.mcu.externaltools.gnu-tools-for-stm32.10.3-2021.10.win32_1.0.200.202301161003/tools/bin/../lib/gcc/arm-none-eabi/10.3.1/../../../../arm-none-eabi/lib/thumb/v7-m/nofp\libm.a
END GROUP
START GROUP
LOAD c:/st/stm32cubeide_1.10.1/stm32cubeide/plugins/com.st.stm32cube.ide.mcu.externaltools.gnu-tools-for-stm32.10.3-2021.10.win32_1.0.200.202301161003/tools/bin/../lib/gcc/arm-none-eabi/10.3.1/thumb/v7-m/nofp\libgcc.a
LOAD c:/st/stm32cubeide_1.10.1/stm32cubeide/plugins/com.st.stm32cube.ide.mcu.externaltools.gnu-tools-for-stm32.10.3-2021.10.win32_1.0.200.202301161003/tools/bin/../lib/gcc/arm-none-eabi/10.3.1/../../../../arm-none-eabi/lib/thumb/v7-m/nofp\libc_nano.a
END GROUP
START GROUP
LOAD c:/st/stm32cubeide_1.10.1/stm32cubeide/plugins/com.st.stm32cube.ide.mcu.externaltools.gnu-tools-for-stm32.10.3-2021.10.win32_1.0.200.202301161003/tools/bin/../lib/gcc/arm-none-eabi/10.3.1/thumb/v7-m/nofp\libgcc.a
LOAD c:/st/stm32cubeide_1.10.1/stm32cubeide/plugins/com.st.stm32cube.ide.mcu.externaltools.gnu-tools-for-stm32.10.3-2021.10.win32_1.0.200.202301161003/tools/bin/../lib/gcc/arm-none-eabi/10.3.1/../../../../arm-none-eabi/lib/thumb/v7-m/nofp\libc_nano.a
LOAD c:/st/stm32cubeide_1.10.1/stm32cubeide/plugins/com.st.stm32cube.ide.mcu.externaltools.gnu-tools-for-stm32.10.3-2021.10.win32_1.0.200.202301161003/tools/bin/../lib/gcc/arm-none-eabi/10.3.1/../../../../arm-none-eabi/lib/thumb/v7-m/nofp\libnosys.a
END GROUP
START GROUP
LOAD c:/st/stm32cubeide_1.10.1/stm32cubeide/plugins/com.st.stm32cube.ide.mcu.externaltools.gnu-tools-for-stm32.10.3-2021.10.win32_1.0.200.202301161003/tools/bin/../lib/gcc/arm-none-eabi/10.3.1/thumb/v7-m/nofp\libgcc.a
LOAD c:/st/stm32cubeide_1.10.1/stm32cubeide/plugins/com.st.stm32cube.ide.mcu.externaltools.gnu-tools-for-stm32.10.3-2021.10.win32_1.0.200.202301161003/tools/bin/../lib/gcc/arm-none-eabi/10.3.1/../../../../arm-none-eabi/lib/thumb/v7-m/nofp\libc_nano.a
LOAD c:/st/stm32cubeide_1.10.1/stm32cubeide/plugins/com.st.stm32cube.ide.mcu.externaltools.gnu-tools-for-stm32.10.3-2021.10.win32_1.0.200.202301161003/tools/bin/../lib/gcc/arm-none-eabi/10.3.1/../../../../arm-none-eabi/lib/thumb/v7-m/nofp\libnosys.a
END GROUP
LOAD c:/st/stm32cubeide_1.10.1/stm32cubeide/plugins/com.st.stm32cube.ide.mcu.externaltools.gnu-tools-for-stm32.10.3-2021.10.win32_1.0.200.202301161003/tools/bin/../lib/gcc/arm-none-eabi/10.3.1/thumb/v7-m/nofp/crtend.o
LOAD c:/st/stm32cubeide_1.10.1/stm32cubeide/plugins/com.st.stm32cube.ide.mcu.externaltools.gnu-tools-for-stm32.10.3-2021.10.win32_1.0.200.202301161003/tools/bin/../lib/gcc/arm-none-eabi/10.3.1/thumb/v7-m/nofp/crtn.o
                0x0000000020002000                _estack = (ORIGIN (RAMEXEC) + LENGTH (RAMEXEC))
                0x0000000000000200                _Min_Heap_Size = 0x200
                0x0000000000000400                _Min_Stack_Size = 0x400

.isr_vector     0x0000000008000000      0x130
                0x0000000008000000                . = ALIGN (0x4)
 *(.isr_vector)
 .isr_vector    0x0000000008000000      0x130 ./Startup/startup_stm32f100rbtx.o
                0x0000000008000000                g_pfnVectors
                0x0000000008000130                . = ALIGN (0x4)

.text           0x0000000008000130      0xb60
                0x0000000008000130                . = ALIGN (0x4)
 *(.text)
 .text          0x0000000008000130       0x40 c:/st/stm32cubeide_1.10.1/stm32cubeide/plugins/com.st.stm32cube.ide.mcu.externaltools.gnu-tools-for-stm32.10.3-2021.10.win32_1.0.200.202301161003/tools/bin/../lib/gcc/arm-none-eabi/10.3.1/thumb/v7-m/nofp/crtbegin.o
 .text          0x0000000008000170       0x10 c:/st/stm32cubeide_1.10.1/stm32cubeide/plugins/com.st.stm32cube.ide.mcu.externaltools.gnu-tools-for-stm32.10.3-2021.10.win32_1.0.200.202301161003/tools/bin/../lib/gcc/arm-none-eabi/10.3.1/../../../../arm-none-eabi/lib/thumb/v7-m/nofp\libc_nano.a(lib_a-strlen.o)
                0x0000000008000170                strlen
 *(.text*)
 .text.GPIO_PCLK
                0x0000000008000180      0x110 ./Drivers/Src/stm32f100xx_gpio.o
                0x0000000008000180                GPIO_PCLK
 .text.GPIO_Init
                0x0000000008000290      0x33c ./Drivers/Src/stm32f100xx_gpio.o
                0x0000000008000290                GPIO_Init
 .text.GPIO_ReadFromInputPin
                0x00000000080005cc       0x2e ./Drivers/Src/stm32f100xx_gpio.o
                0x00000000080005cc                GPIO_ReadFromInputPin
 .text.GPIO_ToggleOutputPin
                0x00000000080005fa       0x28 ./Drivers/Src/stm32f100xx_gpio.o
                0x00000000080005fa                GPIO_ToggleOutputPin
 *fill*         0x0000000008000622        0x2 
 .text.RCC_GetPCLK1Value
                0x0000000008000624       0xb0 ./Drivers/Src/stm32f100xx_rcc.o
                0x0000000008000624                RCC_GetPCLK1Value
 .text.RCC_GetPCLK2Value
                0x00000000080006d4       0xa0 ./Drivers/Src/stm32f100xx_rcc.o
                0x00000000080006d4                RCC_GetPCLK2Value
 .text.RCC_GetPLLOutputClock
                0x0000000008000774        0xe ./Drivers/Src/stm32f100xx_rcc.o
                0x0000000008000774                RCC_GetPLLOutputClock
 *fill*         0x0000000008000782        0x2 
 .text.USART_SetBaudRate
                0x0000000008000784       0xd8 ./Drivers/Src/stm32f100xx_usart.o
                0x0000000008000784                USART_SetBaudRate
 .text.USART_PCLK
                0x000000000800085c       0x3c ./Drivers/Src/stm32f100xx_usart.o
                0x000000000800085c                USART_PCLK
 .text.USART_Init
                0x0000000008000898      0x106 ./Drivers/Src/stm32f100xx_usart.o
                0x0000000008000898                USART_Init
 .text.USART_PeriphControl
                0x000000000800099e       0x36 ./Drivers/Src/stm32f100xx_usart.o
                0x000000000800099e                USART_PeriphControl
 .text.USART_GetFlagStatus
                0x00000000080009d4       0x28 ./Drivers/Src/stm32f100xx_usart.o
                0x00000000080009d4                USART_GetFlagStatus
 .text.USART_SendData
                0x00000000080009fc       0x9c ./Drivers/Src/stm32f100xx_usart.o
                0x00000000080009fc                USART_SendData
 .text.gpioConfig
                0x0000000008000a98       0x7c ./Src/010USART_TX.o
                0x0000000008000a98                gpioConfig
 .text.usartConfig
                0x0000000008000b14       0x44 ./Src/010USART_TX.o
                0x0000000008000b14                usartConfig
 .text.delay    0x0000000008000b58       0x20 ./Src/010USART_TX.o
                0x0000000008000b58                delay
 .text.main     0x0000000008000b78       0x64 ./Src/010USART_TX.o
                0x0000000008000b78                main
 .text.Reset_Handler
                0x0000000008000bdc       0x50 ./Startup/startup_stm32f100rbtx.o
                0x0000000008000bdc                Reset_Handler
 .text.Default_Handler
                0x0000000008000c2c        0x2 ./Startup/startup_stm32f100rbtx.o
                0x0000000008000c2c                EXTI2_IRQHandler
                0x0000000008000c2c                DebugMon_Handler
                0x0000000008000c2c                TIM1_CC_IRQHandler
                0x0000000008000c2c                HardFault_Handler
                0x0000000008000c2c                SysTick_Handler
                0x0000000008000c2c                PVD_IRQHandler
                0x0000000008000c2c                PendSV_Handler
                0x0000000008000c2c                NMI_Handler
                0x0000000008000c2c                EXTI3_IRQHandler
                0x0000000008000c2c                EXTI0_IRQHandler
                0x0000000008000c2c                I2C2_EV_IRQHandler
                0x0000000008000c2c                TIM1_UP_TIM16_IRQHandler
                0x0000000008000c2c                UsageFault_Handler
                0x0000000008000c2c                SPI1_IRQHandler
                0x0000000008000c2c                TIM6_DAC_IRQHandler
                0x0000000008000c2c                DMA2_Channel2_IRQHandler
                0x0000000008000c2c                DMA1_Channel4_IRQHandler
                0x0000000008000c2c                USART3_IRQHandler
                0x0000000008000c2c                DMA1_Channel7_IRQHandler
                0x0000000008000c2c                UART5_IRQHandler
                0x0000000008000c2c                TIM4_IRQHandler
                0x0000000008000c2c                DMA2_Channel1_IRQHandler
                0x0000000008000c2c                I2C1_EV_IRQHandler
                0x0000000008000c2c                DMA1_Channel6_IRQHandler
                0x0000000008000c2c                UART4_IRQHandler
                0x0000000008000c2c                TIM3_IRQHandler
                0x0000000008000c2c                RCC_IRQHandler
                0x0000000008000c2c                DMA1_Channel1_IRQHandler
                0x0000000008000c2c                Default_Handler
                0x0000000008000c2c                CEC_IRQHandler
                0x0000000008000c2c                EXTI15_10_IRQHandler
                0x0000000008000c2c                TIM14_IRQHandler
                0x0000000008000c2c                ADC_IRQHandler
                0x0000000008000c2c                TIM13_IRQHandler
                0x0000000008000c2c                TIM12_IRQHandler
                0x0000000008000c2c                TIM7_IRQHandler
                0x0000000008000c2c                TIM5_IRQHandler
                0x0000000008000c2c                EXTI9_5_IRQHandler
                0x0000000008000c2c                TAMPER_STAMP_IRQHandler
                0x0000000008000c2c                RTC_WKUP_IRQHandler
                0x0000000008000c2c                SPI2_IRQHandler
                0x0000000008000c2c                MemManage_Handler
                0x0000000008000c2c                SVC_Handler
                0x0000000008000c2c                DMA1_Channel5_IRQHandler
                0x0000000008000c2c                EXTI4_IRQHandler
                0x0000000008000c2c                TIM1_TRG_COM_TIM17_IRQHandler
                0x0000000008000c2c                DMA1_Channel3_IRQHandler
                0x0000000008000c2c                FSMC_IRQHandler
                0x0000000008000c2c                WWDG_IRQHandler
                0x0000000008000c2c                TIM2_IRQHandler
                0x0000000008000c2c                EXTI1_IRQHandler
                0x0000000008000c2c                RTCAlarm_IRQHandler
                0x0000000008000c2c                DMA2_Channel4_5_IRQHandler
                0x0000000008000c2c                USART2_IRQHandler
                0x0000000008000c2c                I2C2_ER_IRQHandler
                0x0000000008000c2c                DMA1_Channel2_IRQHandler
                0x0000000008000c2c                FLASH_IRQHandler
                0x0000000008000c2c                BusFault_Handler
                0x0000000008000c2c                USART1_IRQHandler
                0x0000000008000c2c                SPI3_IRQHandler
                0x0000000008000c2c                I2C1_ER_IRQHandler
                0x0000000008000c2c                DMA2_Channel3_IRQHandler
                0x0000000008000c2c                TIM1_BRK_TIM15_IRQHandler
 *fill*         0x0000000008000c2e        0x2 
 .text.__libc_init_array
                0x0000000008000c30       0x48 c:/st/stm32cubeide_1.10.1/stm32cubeide/plugins/com.st.stm32cube.ide.mcu.externaltools.gnu-tools-for-stm32.10.3-2021.10.win32_1.0.200.202301161003/tools/bin/../lib/gcc/arm-none-eabi/10.3.1/../../../../arm-none-eabi/lib/thumb/v7-m/nofp\libc_nano.a(lib_a-init.o)
                0x0000000008000c30                __libc_init_array
 *(.glue_7)
 .glue_7        0x0000000008000c78        0x0 linker stubs
 *(.glue_7t)
 .glue_7t       0x0000000008000c78        0x0 linker stubs
 *(.eh_frame)
 .eh_frame      0x0000000008000c78        0x0 c:/st/stm32cubeide_1.10.1/stm32cubeide/plugins/com.st.stm32cube.ide.mcu.externaltools.gnu-tools-for-stm32.10.3-2021.10.win32_1.0.200.202301161003/tools/bin/../lib/gcc/arm-none-eabi/10.3.1/thumb/v7-m/nofp/crtbegin.o
 *(.init)
 .init          0x0000000008000c78        0x4 c:/st/stm32cubeide_1.10.1/stm32cubeide/plugins/com.st.stm32cube.ide.mcu.externaltools.gnu-tools-for-stm32.10.3-2021.10.win32_1.0.200.202301161003/tools/bin/../lib/gcc/arm-none-eabi/10.3.1/thumb/v7-m/nofp/crti.o
                0x0000000008000c78                _init
 .init          0x0000000008000c7c        0x8 c:/st/stm32cubeide_1.10.1/stm32cubeide/plugins/com.st.stm32cube.ide.mcu.externaltools.gnu-tools-for-stm32.10.3-2021.10.win32_1.0.200.202301161003/tools/bin/../lib/gcc/arm-none-eabi/10.3.1/thumb/v7-m/nofp/crtn.o
 *(.fini)
 .fini          0x0000000008000c84        0x4 c:/st/stm32cubeide_1.10.1/stm32cubeide/plugins/com.st.stm32cube.ide.mcu.externaltools.gnu-tools-for-stm32.10.3-2021.10.win32_1.0.200.202301161003/tools/bin/../lib/gcc/arm-none-eabi/10.3.1/thumb/v7-m/nofp/crti.o
                0x0000000008000c84                _fini
 .fini          0x0000000008000c88        0x8 c:/st/stm32cubeide_1.10.1/stm32cubeide/plugins/com.st.stm32cube.ide.mcu.externaltools.gnu-tools-for-stm32.10.3-2021.10.win32_1.0.200.202301161003/tools/bin/../lib/gcc/arm-none-eabi/10.3.1/thumb/v7-m/nofp/crtn.o
                0x0000000008000c90                . = ALIGN (0x4)
                0x0000000008000c90                _etext = .

.vfp11_veneer   0x0000000008000c90        0x0
 .vfp11_veneer  0x0000000008000c90        0x0 linker stubs

.v4_bx          0x0000000008000c90        0x0
 .v4_bx         0x0000000008000c90        0x0 linker stubs

.iplt           0x0000000008000c90        0x0
 .iplt          0x0000000008000c90        0x0 c:/st/stm32cubeide_1.10.1/stm32cubeide/plugins/com.st.stm32cube.ide.mcu.externaltools.gnu-tools-for-stm32.10.3-2021.10.win32_1.0.200.202301161003/tools/bin/../lib/gcc/arm-none-eabi/10.3.1/thumb/v7-m/nofp/crtbegin.o

.rel.dyn        0x0000000008000c90        0x0
 .rel.iplt      0x0000000008000c90        0x0 c:/st/stm32cubeide_1.10.1/stm32cubeide/plugins/com.st.stm32cube.ide.mcu.externaltools.gnu-tools-for-stm32.10.3-2021.10.win32_1.0.200.202301161003/tools/bin/../lib/gcc/arm-none-eabi/10.3.1/thumb/v7-m/nofp/crtbegin.o

.rodata         0x0000000008000c90        0x0
                0x0000000008000c90                . = ALIGN (0x4)
 *(.rodata)
 *(.rodata*)
                0x0000000008000c90                . = ALIGN (0x4)

.ARM.extab      0x0000000008000c90        0x0
                0x0000000008000c90                . = ALIGN (0x4)
 *(.ARM.extab* .gnu.linkonce.armextab.*)
                0x0000000008000c90                . = ALIGN (0x4)

.ARM            0x0000000008000c90        0x0
                0x0000000008000c90                . = ALIGN (0x4)
                0x0000000008000c90                __exidx_start = .
 *(.ARM.exidx*)
                0x0000000008000c90                __exidx_end = .
                0x0000000008000c90                . = ALIGN (0x4)

.preinit_array  0x0000000008000c90        0x0
                0x0000000008000c90                . = ALIGN (0x4)
                0x0000000008000c90                PROVIDE (__preinit_array_start = .)
 *(.preinit_array*)
                0x0000000008000c90                PROVIDE (__preinit_array_end = .)
                0x0000000008000c90                . = ALIGN (0x4)

.init_array     0x0000000008000c90        0x4
                0x0000000008000c90                . = ALIGN (0x4)
                0x0000000008000c90                PROVIDE (__init_array_start = .)
 *(SORT_BY_NAME(.init_array.*))
 *(.init_array*)
 .init_array    0x0000000008000c90        0x4 c:/st/stm32cubeide_1.10.1/stm32cubeide/plugins/com.st.stm32cube.ide.mcu.externaltools.gnu-tools-for-stm32.10.3-2021.10.win32_1.0.200.202301161003/tools/bin/../lib/gcc/arm-none-eabi/10.3.1/thumb/v7-m/nofp/crtbegin.o
                0x0000000008000c94                PROVIDE (__init_array_end = .)
                0x0000000008000c94                . = ALIGN (0x4)

.fini_array     0x0000000008000c94        0x4
                0x0000000008000c94                . = ALIGN (0x4)
                [!provide]                        PROVIDE (__fini_array_start = .)
 *(SORT_BY_NAME(.fini_array.*))
 *(.fini_array*)
 .fini_array    0x0000000008000c94        0x4 c:/st/stm32cubeide_1.10.1/stm32cubeide/plugins/com.st.stm32cube.ide.mcu.externaltools.gnu-tools-for-stm32.10.3-2021.10.win32_1.0.200.202301161003/tools/bin/../lib/gcc/arm-none-eabi/10.3.1/thumb/v7-m/nofp/crtbegin.o
                [!provide]                        PROVIDE (__fini_array_end = .)
                0x0000000008000c98                . = ALIGN (0x4)
                0x0000000008000c98                _sidata = LOADADDR (.data)

.data           0x0000000020000000      0x418 load address 0x0000000008000c98
                0x0000000020000000                . = ALIGN (0x4)
                0x0000000020000000                _sdata = .
 *(.data)
 *(.data*)
 .data.AHB_PreScaler
                0x0000000020000000       0x12 ./Drivers/Src/stm32f100xx_rcc.o
                0x0000000020000000                AHB_PreScaler
 *fill*         0x0000000020000012        0x2 
 .data.APB1_PreScaler
                0x0000000020000014        0x4 ./Drivers/Src/stm32f100xx_rcc.o
                0x0000000020000014                APB1_PreScaler
 .data.msg      0x0000000020000018      0x400 ./Src/010USART_TX.o
                0x0000000020000018                msg
 *(.RamFunc)
 *(.RamFunc*)
                0x0000000020000418                . = ALIGN (0x4)
                0x0000000020000418                _edata = .

.igot.plt       0x0000000020000418        0x0 load address 0x00000000080010b0
 .igot.plt      0x0000000020000418        0x0 c:/st/stm32cubeide_1.10.1/stm32cubeide/plugins/com.st.stm32cube.ide.mcu.externaltools.gnu-tools-for-stm32.10.3-2021.10.win32_1.0.200.202301161003/tools/bin/../lib/gcc/arm-none-eabi/10.3.1/thumb/v7-m/nofp/crtbegin.o
                0x0000000020000418                . = ALIGN (0x4)

.bss            0x0000000020000418       0x40 load address 0x00000000080010b0
                0x0000000020000418                _sbss = .
                0x0000000020000418                __bss_start__ = _sbss
 *(.bss)
 .bss           0x0000000020000418       0x1c c:/st/stm32cubeide_1.10.1/stm32cubeide/plugins/com.st.stm32cube.ide.mcu.externaltools.gnu-tools-for-stm32.10.3-2021.10.win32_1.0.200.202301161003/tools/bin/../lib/gcc/arm-none-eabi/10.3.1/thumb/v7-m/nofp/crtbegin.o
 *(.bss*)
 .bss.USART1Handle
                0x0000000020000434       0x24 ./Src/010USART_TX.o
                0x0000000020000434                USART1Handle
 *(COMMON)
                0x0000000020000458                . = ALIGN (0x4)
                0x0000000020000458                _ebss = .
                0x0000000020000458                __bss_end__ = _ebss

._user_heap_stack
                0x0000000020000458      0x600 load address 0x00000000080010b0
                0x0000000020000458                . = ALIGN (0x8)
                [!provide]                        PROVIDE (end = .)
                0x0000000020000458                PROVIDE (_end = .)
                0x0000000020000658                . = (. + _Min_Heap_Size)
 *fill*         0x0000000020000458      0x200 
                0x0000000020000a58                . = (. + _Min_Stack_Size)
 *fill*         0x0000000020000658      0x400 
                0x0000000020000a58                . = ALIGN (0x8)

/DISCARD/
 libc.a(*)
 libm.a(*)
 libgcc.a(*)

.ARM.attributes
                0x0000000000000000       0x29
 *(.ARM.attributes)
 .ARM.attributes
                0x0000000000000000       0x1d c:/st/stm32cubeide_1.10.1/stm32cubeide/plugins/com.st.stm32cube.ide.mcu.externaltools.gnu-tools-for-stm32.10.3-2021.10.win32_1.0.200.202301161003/tools/bin/../lib/gcc/arm-none-eabi/10.3.1/thumb/v7-m/nofp/crti.o
 .ARM.attributes
                0x000000000000001d       0x2d c:/st/stm32cubeide_1.10.1/stm32cubeide/plugins/com.st.stm32cube.ide.mcu.externaltools.gnu-tools-for-stm32.10.3-2021.10.win32_1.0.200.202301161003/tools/bin/../lib/gcc/arm-none-eabi/10.3.1/thumb/v7-m/nofp/crtbegin.o
 .ARM.attributes
                0x000000000000004a       0x2d ./Drivers/Src/stm32f100xx_gpio.o
 .ARM.attributes
                0x0000000000000077       0x2d ./Drivers/Src/stm32f100xx_rcc.o
 .ARM.attributes
                0x00000000000000a4       0x2d ./Drivers/Src/stm32f100xx_usart.o
 .ARM.attributes
                0x00000000000000d1       0x2d ./Src/010USART_TX.o
 .ARM.attributes
                0x00000000000000fe       0x21 ./Startup/startup_stm32f100rbtx.o
 .ARM.attributes
                0x000000000000011f       0x2d c:/st/stm32cubeide_1.10.1/stm32cubeide/plugins/com.st.stm32cube.ide.mcu.externaltools.gnu-tools-for-stm32.10.3-2021.10.win32_1.0.200.202301161003/tools/bin/../lib/gcc/arm-none-eabi/10.3.1/../../../../arm-none-eabi/lib/thumb/v7-m/nofp\libc_nano.a(lib_a-init.o)
 .ARM.attributes
                0x000000000000014c       0x17 c:/st/stm32cubeide_1.10.1/stm32cubeide/plugins/com.st.stm32cube.ide.mcu.externaltools.gnu-tools-for-stm32.10.3-2021.10.win32_1.0.200.202301161003/tools/bin/../lib/gcc/arm-none-eabi/10.3.1/../../../../arm-none-eabi/lib/thumb/v7-m/nofp\libc_nano.a(lib_a-strlen.o)
 .ARM.attributes
                0x0000000000000163       0x1d c:/st/stm32cubeide_1.10.1/stm32cubeide/plugins/com.st.stm32cube.ide.mcu.externaltools.gnu-tools-for-stm32.10.3-2021.10.win32_1.0.200.202301161003/tools/bin/../lib/gcc/arm-none-eabi/10.3.1/thumb/v7-m/nofp/crtn.o
OUTPUT(Stm32f1xx_Drivers_Examples.elf elf32-littlearm)
LOAD linker stubs
LOAD c:/st/stm32cubeide_1.10.1/stm32cubeide/plugins/com.st.stm32cube.ide.mcu.externaltools.gnu-tools-for-stm32.10.3-2021.10.win32_1.0.200.202301161003/tools/bin/../lib/gcc/arm-none-eabi/10.3.1/../../../../arm-none-eabi/lib/thumb/v7-m/nofp\libc.a
LOAD c:/st/stm32cubeide_1.10.1/stm32cubeide/plugins/com.st.stm32cube.ide.mcu.externaltools.gnu-tools-for-stm32.10.3-2021.10.win32_1.0.200.202301161003/tools/bin/../lib/gcc/arm-none-eabi/10.3.1/../../../../arm-none-eabi/lib/thumb/v7-m/nofp\libm.a
LOAD c:/st/stm32cubeide_1.10.1/stm32cubeide/plugins/com.st.stm32cube.ide.mcu.externaltools.gnu-tools-for-stm32.10.3-2021.10.win32_1.0.200.202301161003/tools/bin/../lib/gcc/arm-none-eabi/10.3.1/thumb/v7-m/nofp\libgcc.a

.debug_info     0x0000000000000000     0x147e
 .debug_info    0x0000000000000000      0x5d7 ./Drivers/Src/stm32f100xx_gpio.o
 .debug_info    0x00000000000005d7      0x2b1 ./Drivers/Src/stm32f100xx_rcc.o
 .debug_info    0x0000000000000888      0x76c ./Drivers/Src/stm32f100xx_usart.o
 .debug_info    0x0000000000000ff4      0x468 ./Src/010USART_TX.o
 .debug_info    0x000000000000145c       0x22 ./Startup/startup_stm32f100rbtx.o

.debug_abbrev   0x0000000000000000      0x5bf
 .debug_abbrev  0x0000000000000000      0x165 ./Drivers/Src/stm32f100xx_gpio.o
 .debug_abbrev  0x0000000000000165      0x10e ./Drivers/Src/stm32f100xx_rcc.o
 .debug_abbrev  0x0000000000000273      0x1c4 ./Drivers/Src/stm32f100xx_usart.o
 .debug_abbrev  0x0000000000000437      0x176 ./Src/010USART_TX.o
 .debug_abbrev  0x00000000000005ad       0x12 ./Startup/startup_stm32f100rbtx.o

.debug_aranges  0x0000000000000000      0x190
 .debug_aranges
                0x0000000000000000       0x70 ./Drivers/Src/stm32f100xx_gpio.o
 .debug_aranges
                0x0000000000000070       0x30 ./Drivers/Src/stm32f100xx_rcc.o
 .debug_aranges
                0x00000000000000a0       0x90 ./Drivers/Src/stm32f100xx_usart.o
 .debug_aranges
                0x0000000000000130       0x38 ./Src/010USART_TX.o
 .debug_aranges
                0x0000000000000168       0x28 ./Startup/startup_stm32f100rbtx.o

.debug_ranges   0x0000000000000000      0x148
 .debug_ranges  0x0000000000000000       0x60 ./Drivers/Src/stm32f100xx_gpio.o
 .debug_ranges  0x0000000000000060       0x20 ./Drivers/Src/stm32f100xx_rcc.o
 .debug_ranges  0x0000000000000080       0x80 ./Drivers/Src/stm32f100xx_usart.o
 .debug_ranges  0x0000000000000100       0x28 ./Src/010USART_TX.o
 .debug_ranges  0x0000000000000128       0x20 ./Startup/startup_stm32f100rbtx.o

.debug_line     0x0000000000000000     0x1833
 .debug_line    0x0000000000000000      0x74c ./Drivers/Src/stm32f100xx_gpio.o
 .debug_line    0x000000000000074c      0x323 ./Drivers/Src/stm32f100xx_rcc.o
 .debug_line    0x0000000000000a6f      0x894 ./Drivers/Src/stm32f100xx_usart.o
 .debug_line    0x0000000000001303      0x4ac ./Src/010USART_TX.o
 .debug_line    0x00000000000017af       0x84 ./Startup/startup_stm32f100rbtx.o

.debug_str      0x0000000000000000      0x7c1
 .debug_str     0x0000000000000000      0x3eb ./Drivers/Src/stm32f100xx_gpio.o
                                        0x43f (size before relaxing)
 .debug_str     0x00000000000003eb       0xbf ./Drivers/Src/stm32f100xx_rcc.o
                                        0x2e7 (size before relaxing)
 .debug_str     0x00000000000004aa      0x271 ./Drivers/Src/stm32f100xx_usart.o
                                        0x50f (size before relaxing)
 .debug_str     0x000000000000071b       0x75 ./Src/010USART_TX.o
                                        0x3e3 (size before relaxing)
 .debug_str     0x0000000000000790       0x31 ./Startup/startup_stm32f100rbtx.o
                                         0x89 (size before relaxing)

.comment        0x0000000000000000       0x50
 .comment       0x0000000000000000       0x50 ./Drivers/Src/stm32f100xx_gpio.o
                                         0x51 (size before relaxing)
 .comment       0x0000000000000050       0x51 ./Drivers/Src/stm32f100xx_rcc.o
 .comment       0x0000000000000050       0x51 ./Drivers/Src/stm32f100xx_usart.o
 .comment       0x0000000000000050       0x51 ./Src/010USART_TX.o

.debug_frame    0x0000000000000000      0x55c
 .debug_frame   0x0000000000000000      0x1c8 ./Drivers/Src/stm32f100xx_gpio.o
 .debug_frame   0x00000000000001c8       0x7c ./Drivers/Src/stm32f100xx_rcc.o
 .debug_frame   0x0000000000000244      0x258 ./Drivers/Src/stm32f100xx_usart.o
 .debug_frame   0x000000000000049c       0x94 ./Src/010USART_TX.o
 .debug_frame   0x0000000000000530       0x2c c:/st/stm32cubeide_1.10.1/stm32cubeide/plugins/com.st.stm32cube.ide.mcu.externaltools.gnu-tools-for-stm32.10.3-2021.10.win32_1.0.200.202301161003/tools/bin/../lib/gcc/arm-none-eabi/10.3.1/../../../../arm-none-eabi/lib/thumb/v7-m/nofp\libc_nano.a(lib_a-init.o)
